
> velocity@0.0.0 test:run
> vitest run


 RUN  v2.1.9 /Users/cobro/Code/Velocity

 ✓ src/services/queryBuilder.test.ts (28 tests) 25ms
stdout | src/store/persistence.test.ts
🔄 [Persist] State rehydrated from localStorage

stdout | src/store/variableSet.test.ts
🔄 [Persist] State rehydrated from localStorage

 ✓ src/store/persistence.test.ts (4 tests) 37ms
 ↓ src/services/duckDbArrow.test.ts (7 tests | 7 skipped)
 ✓ src/services/arrowIngestion.test.ts (10 tests) 38ms
stderr | src/features/dashboard/components/DraggableVariable.test.tsx > VariableCard > interactions > does not show recode button when in overlay mode
React does not recognize the `layoutId` prop on a DOM element. If you intentionally want it to appear in the DOM as a custom attribute, spell it as lowercase `layoutid` instead. If you accidentally passed it from a parent component, remove it from the DOM element.

 ✓ src/features/dashboard/components/DraggableVariable.test.tsx (16 tests) 103ms
 ❯ src/components/common/DropZone.test.tsx (9 tests | 2 failed) 92ms
   × DropZone > empty state > applies correct sizing for column type 9ms
     → expected '\n        relative flex items-center …' to contain 'w-48'
   × DropZone > with variables > calls onRemove when remove button is clicked 14ms
     → Found multiple elements with the role "button"

Here are the matching elements:

Ignored nodes: comments, script, style
[36m<div[39m
  [33maria-describedby[39m=[32m"DndDescribedBy-6"[39m
  [33maria-disabled[39m=[32m"false"[39m
  [33maria-roledescription[39m=[32m"sortable"[39m
  [33mclass[39m=[32m"relative flex items-center justify-between p-2 pl-2 pr-2 bg-[var(--gray-50)] border border-[var(--gray-200)] rounded-md group hover:bg-[var(--gray-100)]"[39m
  [33mrole[39m=[32m"button"[39m
  [33mstyle[39m=[32m"opacity: 1; cursor: grab; user-select: none; touch-action: none;"[39m
  [33mtabindex[39m=[32m"0"[39m
[36m>[39m
  [36m<div[39m
    [33mclass[39m=[32m"p-1 text-[var(--gray-400)]"[39m
  [36m>[39m
    [36m<svg[39m
      [33maria-hidden[39m=[32m"true"[39m
      [33mclass[39m=[32m"lucide lucide-grip-vertical"[39m
      [33mfill[39m=[32m"none"[39m
      [33mheight[39m=[32m"14"[39m
      [33mstroke[39m=[32m"currentColor"[39m
      [33mstroke-linecap[39m=[32m"round"[39m
      [33mstroke-linejoin[39m=[32m"round"[39m
      [33mstroke-width[39m=[32m"2"[39m
      [33mviewBox[39m=[32m"0 0 24 24"[39m
      [33mwidth[39m=[32m"14"[39m
      [33mxmlns[39m=[32m"http://www.w3.org/2000/svg"[39m
    [36m>[39m
      [36m<circle[39m
        [33mcx[39m=[32m"9"[39m
        [33mcy[39m=[32m"12"[39m
        [33mr[39m=[32m"1"[39m
      [36m/>[39m
      [36m<circle[39m
        [33mcx[39m=[32m"9"[39m
        [33mcy[39m=[32m"5"[39m
        [33mr[39m=[32m"1"[39m
      [36m/>[39m
      [36m<circle[39m
        [33mcx[39m=[32m"9"[39m
        [33mcy[39m=[32m"19"[39m
        [33mr[39m=[32m"1"[39m
      [36m/>[39m
      [36m<circle[39m
        [33mcx[39m=[32m"15"[39m
        [33mcy[39m=[32m"12"[39m
        [33mr[39m=[32m"1"[39m
      [36m/>[39m
      [36m<circle[39m
        [33mcx[39m=[32m"15"[39m
        [33mcy[39m=[32m"5"[39m
        [33mr[39m=[32m"1"[39m
      [36m/>[39m
      [36m<circle[39m
        [33mcx[39m=[32m"15"[39m
        [33mcy[39m=[32m"19"[39m
        [33mr[39m=[32m"1"[39m
      [36m/>[39m
    [36m</svg>[39m
  [36m</div>[39m
  [36m<span[39m
    [33mclass[39m=[32m"flex-1 text-sm font-medium text-[var(--color-ink)] font-body truncate max-w-[100px] px-2"[39m
    [33mtitle[39m=[32m"Gender"[39m
  [36m>[39m
    [0mGender[0m
  [36m</span>[39m
  [36m<button[39m
    [33maria-label[39m=[32m"Remove variable"[39m
    [33mclass[39m=[32m"p-1 text-[var(--gray-400)] hover:text-[var(--color-terracotta)] hover:bg-[var(--gray-100)] rounded-full transition-colors"[39m
  [36m>[39m
    [36m<svg[39m
      [33mfill[39m=[32m"none"[39m
      [33mheight[39m=[32m"12"[39m
      [33mstroke[39m=[32m"currentColor"[39m
      [33mstroke-linecap[39m=[32m"round"[39m
      [33mstroke-linejoin[39m=[32m"round"[39m
      [33mstroke-width[39m=[32m"3"[39m
      [33mviewBox[39m=[32m"0 0 24 24"[39m
      [33mwidth[39m=[32m"12"[39m
    [36m>[39m
      [36m<line[39m
        [33mx1[39m=[32m"18"[39m
        [33mx2[39m=[32m"6"[39m
        [33my1[39m=[32m"6"[39m
        [33my2[39m=[32m"18"[39m
      [36m/>[39m
      [36m<line[39m
        [33mx1[39m=[32m"6"[39m
        [33mx2[39m=[32m"18"[39m
        [33my1[39m=[32m"6"[39m
        [33my2[39m=[32m"18"[39m
      [36m/>[39m
    [36m</svg>[39m
  [36m</button>[39m
[36m</div>[39m

Ignored nodes: comments, script, style
[36m<button[39m
  [33maria-label[39m=[32m"Remove variable"[39m
  [33mclass[39m=[32m"p-1 text-[var(--gray-400)] hover:text-[var(--color-terracotta)] hover:bg-[var(--gray-100)] rounded-full transition-colors"[39m
[36m>[39m
  [36m<svg[39m
    [33mfill[39m=[32m"none"[39m
    [33mheight[39m=[32m"12"[39m
    [33mstroke[39m=[32m"currentColor"[39m
    [33mstroke-linecap[39m=[32m"round"[39m
    [33mstroke-linejoin[39m=[32m"round"[39m
    [33mstroke-width[39m=[32m"3"[39m
    [33mviewBox[39m=[32m"0 0 24 24"[39m
    [33mwidth[39m=[32m"12"[39m
  [36m>[39m
    [36m<line[39m
      [33mx1[39m=[32m"18"[39m
      [33mx2[39m=[32m"6"[39m
      [33my1[39m=[32m"6"[39m
      [33my2[39m=[32m"18"[39m
    [36m/>[39m
    [36m<line[39m
      [33mx1[39m=[32m"6"[39m
      [33mx2[39m=[32m"18"[39m
      [33my1[39m=[32m"6"[39m
      [33my2[39m=[32m"18"[39m
    [36m/>[39m
  [36m</svg>[39m
[36m</button>[39m

(If this is intentional, then use the `*AllBy*` variant of the query (like `queryAllByText`, `getAllByText`, or `findAllByText`)).

Ignored nodes: comments, script, style
[36m<body>[39m
  [36m<div>[39m
    [36m<div[39m
      [33mclass[39m=[32m"
            w-full min-h-[120px] p-3 rounded-lg transition-all duration-200
            border-2 border-dashed border-transparent
            
          "[39m
    [36m>[39m
      [36m<div[39m
        [33mclass[39m=[32m"flex flex-col gap-2 w-full"[39m
      [36m>[39m
        [36m<div[39m
          [33maria-describedby[39m=[32m"DndDescribedBy-6"[39m
          [33maria-disabled[39m=[32m"false"[39m
          [33maria-roledescription[39m=[32m"sortable"[39m
          [33mclass[39m=[32m"relative flex items-center justify-between p-2 pl-2 pr-2 bg-[var(--gray-50)] border border-[var(--gray-200)] rounded-md group hover:bg-[var(--gray-100)]"[39m
          [33mrole[39m=[32m"button"[39m
          [33mstyle[39m=[32m"opacity: 1; cursor: grab; user-select: none; touch-action: none;"[39m
          [33mtabindex[39m=[32m"0"[39m
        [36m>[39m
          [36m<div[39m
            [33mclass[39m=[32m"p-1 text-[var(--gray-400)]"[39m
          [36m>[39m
            [36m<svg[39m
              [33maria-hidden[39m=[32m"true"[39m
              [33mclass[39m=[32m"lucide lucide-grip-vertical"[39m
              [33mfill[39m=[32m"none"[39m
              [33mheight[39m=[32m"14"[39m
              [33mstroke[39m=[32m"currentColor"[39m
              [33mstroke-linecap[39m=[32m"round"[39m
              [33mstroke-linejoin[39m=[32m"round"[39m
              [33mstroke-width[39m=[32m"2"[39m
              [33mviewBox[39m=[32m"0 0 24 24"[39m
              [33mwidth[39m=[32m"14"[39m
              [33mxmlns[39m=[32m"http://www.w3.org/2000/svg"[39m
            [36m>[39m
              [36m<circle[39m
                [33mcx[39m=[32m"9"[39m
                [33mcy[39m=[32m"12"[39m
                [33mr[39m=[32m"1"[39m
              [36m/>[39m
              [36m<circle[39m
                [33mcx[39m=[32m"9"[39m
                [33mcy[39m=[32m"5"[39m
                [33mr[39m=[32m"1"[39m
              [36m/>[39m
              [36m<circle[39m
                [33mcx[39m=[32m"9"[39m
                [33mcy[39m=[32m"19"[39m
                [33mr[39m=[32m"1"[39m
              [36m/>[39m
              [36m<circle[39m
                [33mcx[39m=[32m"15"[39m
                [33mcy[39m=[32m"12"[39m
                [33mr[39m=[32m"1"[39m
              [36m/>[39m
              [36m<circle[39m
                [33mcx[39m=[32m"15"[39m
                [33mcy[39m=[32m"5"[39m
                [33mr[39m=[32m"1"[39m
              [36m/>[39m
              [36m<circle[39m
                [33mcx[39m=[32m"15"[39m
                [33mcy[39m=[32m"19"[39m
                [33mr[39m=[32m"1"[39m
              [36m/>[39m
            [36m</svg>[39m
          [36m</div>[39m
          [36m<span[39m
            [33mclass[39m=[32m"flex-1 text-sm font-medium text-[var(--color-ink)] font-body truncate max-w-[100px] px-2"[39m
            [33mtitle[39m=[32m"Gender"[39m
          [36m>[39m
            [0mGender[0m
          [36m</span>[39m
          [36m<button[39m
            [33maria-label[39m=[32m"Remove variable"[39m
            [33mclass[39m=[32m"p-1 text-[var(--gray-400)] hover:text-[var(--color-terracotta)] hover:bg-[var(--gray-100)] rounded-full transition-colors"[39m
          [36m>[39m
            [36m<svg[39m
              [33mfill[39m=[32m"none"[39m
              [33mheight[39m=[32m"12"[39m
              [33mstroke[39m=[32m"currentColor"[39m
              [33mstroke-linecap[39m=[32m"round"[39m
              [33mstroke-linejoin[39m=[32m"round"[39m
              [33mstroke-width[39m=[32m"3"[39m
              [33mviewBox[39m=[32m"0 0 24 24"[39m
              [33mwidth[39m=[32m"12"[39m
            [36m>[39m
              [36m<line[39m
                [33mx1[39m=[32m"18"[39m
                [33mx2[39m=[32m"6"[39m
                [33my1[39m=[32m"6"[39m
                [33my2[39m=[32m"18"[39m
              [36m/>[39m
              [36m<line[39m
                [33mx1[39m=[32m"6"[39m
                [33mx2[39m=[32m"18"[39m
                [33my1[39m=[32m"6"[39m
                [33my2[39m=[32m"18"[39m
              [36m/>[39m
            [36m</svg>[39m
          [36m</button>[39m
        [36m</div>[39m
      [36m</div>[39m
    [36m</div>[39m
    [36m<div[39m
      [33mid[39m=[32m"DndDescribedBy-6"[39m
      [33mstyle[39m=[32m"display: none;"[39m
    [36m>[39m
      [0m
    To pick up a draggable item, press the space bar.
    While dragging, use the arrow keys to move the item.
    Press space again to drop the item in its new position, or press escape to cancel.
  [0m
    [36m</div>[39m
    [36m<div[39m
      [33maria-atomic[39m=[32m"true"[39m
      [33maria-live[39m=[32m"assertive"[39m
      [33mid[39m=[32m"DndLiveRegion-6"[39m
      [33mrole[39m=[32m"status"[39m
      [33mstyle[39m=[32m"position: fixed; top: 0px; left: 0px; width: 1px; height: 1px; margin: -1px; border: 0px; padding: 0px; overflow: hidden; clip-path: inset(100%); white-space: nowrap;"[39m
    [36m/>[39m
  [36m</div>[39m
[36m</body>[39m
stdout | src/store/reorderRowVars.test.ts
🔄 [Persist] State rehydrated from localStorage

 ✓ src/store/reorderRowVars.test.ts (4 tests) 20ms
 ✓ src/components/common/SortableRowShelf.test.tsx (5 tests) 62ms
 ❯ src/store/variableSet.test.ts (2 tests | 1 failed) 5008ms
   × Variable Logic > should dispatch recodeVariable action correctly for binning 5005ms
     → Test timed out in 5000ms.
If this is a long-running test, pass a timeout value as the last argument or configure it globally with "testTimeout".

⎯⎯⎯⎯⎯⎯⎯ Failed Tests 3 ⎯⎯⎯⎯⎯⎯⎯

 FAIL  src/store/variableSet.test.ts > Variable Logic > should dispatch recodeVariable action correctly for binning
Error: Test timed out in 5000ms.
If this is a long-running test, pass a timeout value as the last argument or configure it globally with "testTimeout".
⎯⎯⎯⎯⎯⎯⎯⎯⎯⎯⎯⎯⎯⎯⎯⎯⎯⎯⎯⎯⎯⎯⎯⎯[1/3]⎯

 FAIL  src/components/common/DropZone.test.tsx > DropZone > empty state > applies correct sizing for column type
AssertionError: expected '\n        relative flex items-center …' to contain 'w-48'

- Expected
+ Received

- w-48
+
+         relative flex items-center justify-center transition-all duration-200 rounded-lg border-2 border-dashed
+         border-[var(--gray-200)] text-[var(--gray-400)] hover:border-[var(--gray-300)] hover:bg-[var(--gray-50)]
+         h-14 min-w-[200px]
+       

 ❯ src/components/common/DropZone.test.tsx:82:36
     80| 
     81|             const zone = container.firstChild as HTMLElement;
     82|             expect(zone.className).toContain('w-48');
       |                                    ^
     83|         });
     84|     });

⎯⎯⎯⎯⎯⎯⎯⎯⎯⎯⎯⎯⎯⎯⎯⎯⎯⎯⎯⎯⎯⎯⎯⎯[2/3]⎯

 FAIL  src/components/common/DropZone.test.tsx > DropZone > with variables > calls onRemove when remove button is clicked
TestingLibraryElementError: Found multiple elements with the role "button"

Here are the matching elements:

Ignored nodes: comments, script, style
[36m<div[39m
  [33maria-describedby[39m=[32m"DndDescribedBy-6"[39m
  [33maria-disabled[39m=[32m"false"[39m
  [33maria-roledescription[39m=[32m"sortable"[39m
  [33mclass[39m=[32m"relative flex items-center justify-between p-2 pl-2 pr-2 bg-[var(--gray-50)] border border-[var(--gray-200)] rounded-md group hover:bg-[var(--gray-100)]"[39m
  [33mrole[39m=[32m"button"[39m
  [33mstyle[39m=[32m"opacity: 1; cursor: grab; user-select: none; touch-action: none;"[39m
  [33mtabindex[39m=[32m"0"[39m
[36m>[39m
  [36m<div[39m
    [33mclass[39m=[32m"p-1 text-[var(--gray-400)]"[39m
  [36m>[39m
    [36m<svg[39m
      [33maria-hidden[39m=[32m"true"[39m
      [33mclass[39m=[32m"lucide lucide-grip-vertical"[39m
      [33mfill[39m=[32m"none"[39m
      [33mheight[39m=[32m"14"[39m
      [33mstroke[39m=[32m"currentColor"[39m
      [33mstroke-linecap[39m=[32m"round"[39m
      [33mstroke-linejoin[39m=[32m"round"[39m
      [33mstroke-width[39m=[32m"2"[39m
      [33mviewBox[39m=[32m"0 0 24 24"[39m
      [33mwidth[39m=[32m"14"[39m
      [33mxmlns[39m=[32m"http://www.w3.org/2000/svg"[39m
    [36m>[39m
      [36m<circle[39m
        [33mcx[39m=[32m"9"[39m
        [33mcy[39m=[32m"12"[39m
        [33mr[39m=[32m"1"[39m
      [36m/>[39m
      [36m<circle[39m
        [33mcx[39m=[32m"9"[39m
        [33mcy[39m=[32m"5"[39m
        [33mr[39m=[32m"1"[39m
      [36m/>[39m
      [36m<circle[39m
        [33mcx[39m=[32m"9"[39m
        [33mcy[39m=[32m"19"[39m
        [33mr[39m=[32m"1"[39m
      [36m/>[39m
      [36m<circle[39m
        [33mcx[39m=[32m"15"[39m
        [33mcy[39m=[32m"12"[39m
        [33mr[39m=[32m"1"[39m
      [36m/>[39m
      [36m<circle[39m
        [33mcx[39m=[32m"15"[39m
        [33mcy[39m=[32m"5"[39m
        [33mr[39m=[32m"1"[39m
      [36m/>[39m
      [36m<circle[39m
        [33mcx[39m=[32m"15"[39m
        [33mcy[39m=[32m"19"[39m
        [33mr[39m=[32m"1"[39m
      [36m/>[39m
    [36m</svg>[39m
  [36m</div>[39m
  [36m<span[39m
    [33mclass[39m=[32m"flex-1 text-sm font-medium text-[var(--color-ink)] font-body truncate max-w-[100px] px-2"[39m
    [33mtitle[39m=[32m"Gender"[39m
  [36m>[39m
    [0mGender[0m
  [36m</span>[39m
  [36m<button[39m
    [33maria-label[39m=[32m"Remove variable"[39m
    [33mclass[39m=[32m"p-1 text-[var(--gray-400)] hover:text-[var(--color-terracotta)] hover:bg-[var(--gray-100)] rounded-full transition-colors"[39m
  [36m>[39m
    [36m<svg[39m
      [33mfill[39m=[32m"none"[39m
      [33mheight[39m=[32m"12"[39m
      [33mstroke[39m=[32m"currentColor"[39m
      [33mstroke-linecap[39m=[32m"round"[39m
      [33mstroke-linejoin[39m=[32m"round"[39m
      [33mstroke-width[39m=[32m"3"[39m
      [33mviewBox[39m=[32m"0 0 24 24"[39m
      [33mwidth[39m=[32m"12"[39m
    [36m>[39m
      [36m<line[39m
        [33mx1[39m=[32m"18"[39m
        [33mx2[39m=[32m"6"[39m
        [33my1[39m=[32m"6"[39m
        [33my2[39m=[32m"18"[39m
      [36m/>[39m
      [36m<line[39m
        [33mx1[39m=[32m"6"[39m
        [33mx2[39m=[32m"18"[39m
        [33my1[39m=[32m"6"[39m
        [33my2[39m=[32m"18"[39m
      [36m/>[39m
    [36m</svg>[39m
  [36m</button>[39m
[36m</div>[39m

Ignored nodes: comments, script, style
[36m<button[39m
  [33maria-label[39m=[32m"Remove variable"[39m
  [33mclass[39m=[32m"p-1 text-[var(--gray-400)] hover:text-[var(--color-terracotta)] hover:bg-[var(--gray-100)] rounded-full transition-colors"[39m
[36m>[39m
  [36m<svg[39m
    [33mfill[39m=[32m"none"[39m
    [33mheight[39m=[32m"12"[39m
    [33mstroke[39m=[32m"currentColor"[39m
    [33mstroke-linecap[39m=[32m"round"[39m
    [33mstroke-linejoin[39m=[32m"round"[39m
    [33mstroke-width[39m=[32m"3"[39m
    [33mviewBox[39m=[32m"0 0 24 24"[39m
    [33mwidth[39m=[32m"12"[39m
  [36m>[39m
    [36m<line[39m
      [33mx1[39m=[32m"18"[39m
      [33mx2[39m=[32m"6"[39m
      [33my1[39m=[32m"6"[39m
      [33my2[39m=[32m"18"[39m
    [36m/>[39m
    [36m<line[39m
      [33mx1[39m=[32m"6"[39m
      [33mx2[39m=[32m"18"[39m
      [33my1[39m=[32m"6"[39m
      [33my2[39m=[32m"18"[39m
    [36m/>[39m
  [36m</svg>[39m
[36m</button>[39m

(If this is intentional, then use the `*AllBy*` variant of the query (like `queryAllByText`, `getAllByText`, or `findAllByText`)).

Ignored nodes: comments, script, style
[36m<body>[39m
  [36m<div>[39m
    [36m<div[39m
      [33mclass[39m=[32m"
            w-full min-h-[120px] p-3 rounded-lg transition-all duration-200
            border-2 border-dashed border-transparent
            
          "[39m
    [36m>[39m
      [36m<div[39m
        [33mclass[39m=[32m"flex flex-col gap-2 w-full"[39m
      [36m>[39m
        [36m<div[39m
          [33maria-describedby[39m=[32m"DndDescribedBy-6"[39m
          [33maria-disabled[39m=[32m"false"[39m
          [33maria-roledescription[39m=[32m"sortable"[39m
          [33mclass[39m=[32m"relative flex items-center justify-between p-2 pl-2 pr-2 bg-[var(--gray-50)] border border-[var(--gray-200)] rounded-md group hover:bg-[var(--gray-100)]"[39m
          [33mrole[39m=[32m"button"[39m
          [33mstyle[39m=[32m"opacity: 1; cursor: grab; user-select: none; touch-action: none;"[39m
          [33mtabindex[39m=[32m"0"[39m
        [36m>[39m
          [36m<div[39m
            [33mclass[39m=[32m"p-1 text-[var(--gray-400)]"[39m
          [36m>[39m
            [36m<svg[39m
              [33maria-hidden[39m=[32m"true"[39m
              [33mclass[39m=[32m"lucide lucide-grip-vertical"[39m
              [33mfill[39m=[32m"none"[39m
              [33mheight[39m=[32m"14"[39m
              [33mstroke[39m=[32m"currentColor"[39m
              [33mstroke-linecap[39m=[32m"round"[39m
              [33mstroke-linejoin[39m=[32m"round"[39m
              [33mstroke-width[39m=[32m"2"[39m
              [33mviewBox[39m=[32m"0 0 24 24"[39m
              [33mwidth[39m=[32m"14"[39m
              [33mxmlns[39m=[32m"http://www.w3.org/2000/svg"[39m
            [36m>[39m
              [36m<circle[39m
                [33mcx[39m=[32m"9"[39m
                [33mcy[39m=[32m"12"[39m
                [33mr[39m=[32m"1"[39m
              [36m/>[39m
              [36m<circle[39m
                [33mcx[39m=[32m"9"[39m
                [33mcy[39m=[32m"5"[39m
                [33mr[39m=[32m"1"[39m
              [36m/>[39m
              [36m<circle[39m
                [33mcx[39m=[32m"9"[39m
                [33mcy[39m=[32m"19"[39m
                [33mr[39m=[32m"1"[39m
              [36m/>[39m
              [36m<circle[39m
                [33mcx[39m=[32m"15"[39m
                [33mcy[39m=[32m"12"[39m
                [33mr[39m=[32m"1"[39m
              [36m/>[39m
              [36m<circle[39m
                [33mcx[39m=[32m"15"[39m
                [33mcy[39m=[32m"5"[39m
                [33mr[39m=[32m"1"[39m
              [36m/>[39m
              [36m<circle[39m
                [33mcx[39m=[32m"15"[39m
                [33mcy[39m=[32m"19"[39m
                [33mr[39m=[32m"1"[39m
              [36m/>[39m
            [36m</svg>[39m
          [36m</div>[39m
          [36m<span[39m
            [33mclass[39m=[32m"flex-1 text-sm font-medium text-[var(--color-ink)] font-body truncate max-w-[100px] px-2"[39m
            [33mtitle[39m=[32m"Gender"[39m
          [36m>[39m
            [0mGender[0m
          [36m</span>[39m
          [36m<button[39m
            [33maria-label[39m=[32m"Remove variable"[39m
            [33mclass[39m=[32m"p-1 text-[var(--gray-400)] hover:text-[var(--color-terracotta)] hover:bg-[var(--gray-100)] rounded-full transition-colors"[39m
          [36m>[39m
            [36m<svg[39m
              [33mfill[39m=[32m"none"[39m
              [33mheight[39m=[32m"12"[39m
              [33mstroke[39m=[32m"currentColor"[39m
              [33mstroke-linecap[39m=[32m"round"[39m
              [33mstroke-linejoin[39m=[32m"round"[39m
              [33mstroke-width[39m=[32m"3"[39m
              [33mviewBox[39m=[32m"0 0 24 24"[39m
              [33mwidth[39m=[32m"12"[39m
            [36m>[39m
              [36m<line[39m
                [33mx1[39m=[32m"18"[39m
                [33mx2[39m=[32m"6"[39m
                [33my1[39m=[32m"6"[39m
                [33my2[39m=[32m"18"[39m
              [36m/>[39m
              [36m<line[39m
                [33mx1[39m=[32m"6"[39m
                [33mx2[39m=[32m"18"[39m
                [33my1[39m=[32m"6"[39m
                [33my2[39m=[32m"18"[39m
              [36m/>[39m
            [36m</svg>[39m
          [36m</button>[39m
        [36m</div>[39m
      [36m</div>[39m
    [36m</div>[39m
    [36m<div[39m
      [33mid[39m=[32m"DndDescribedBy-6"[39m
      [33mstyle[39m=[32m"display: none;"[39m
    [36m>[39m
      [0m
    To pick up a draggable item, press the space bar.
    While dragging, use the arrow keys to move the item.
    Press space again to drop the item in its new position, or press escape to cancel.
  [0m
    [36m</div>[39m
    [36m<div[39m
      [33maria-atomic[39m=[32m"true"[39m
      [33maria-live[39m=[32m"assertive"[39m
      [33mid[39m=[32m"DndLiveRegion-6"[39m
      [33mrole[39m=[32m"status"[39m
      [33mstyle[39m=[32m"position: fixed; top: 0px; left: 0px; width: 1px; height: 1px; margin: -1px; border: 0px; padding: 0px; overflow: hidden; clip-path: inset(100%); white-space: nowrap;"[39m
    [36m/>[39m
  [36m</div>[39m
[36m</body>[39m
 ❯ Object.getElementError node_modules/@testing-library/dom/dist/config.js:37:19
 ❯ getElementError node_modules/@testing-library/dom/dist/query-helpers.js:20:35
 ❯ getMultipleElementsFoundError node_modules/@testing-library/dom/dist/query-helpers.js:23:10
 ❯ node_modules/@testing-library/dom/dist/query-helpers.js:55:13
 ❯ node_modules/@testing-library/dom/dist/query-helpers.js:95:19
 ❯ src/components/common/DropZone.test.tsx:137:41
    135| 
    136|             // Find and click the remove button (X)
    137|             const removeButton = screen.getByRole('button');
       |                                         ^
    138|             fireEvent.click(removeButton);
    139| 

⎯⎯⎯⎯⎯⎯⎯⎯⎯⎯⎯⎯⎯⎯⎯⎯⎯⎯⎯⎯⎯⎯⎯⎯[3/3]⎯

 Test Files  2 failed | 6 passed | 1 skipped (9)
      Tests  3 failed | 75 passed | 7 skipped (85)
   Start at  07:14:28
   Duration  6.06s (transform 336ms, setup 1.81s, collect 1.40s, tests 5.38s, environment 2.66s, prepare 788ms)

